// Jest Snapshot v1, https://goo.gl/fbAQLP

exports[`Modal renders correctly 1`] = `
<div>
  <div
    class="za-mask "
    style="background-color: rgba(0, 0, 0, 0.55);"
  />
  <div
    class="za-popup__wrapper za-modal za-modal--radius"
  >
    <div
      class="za-popup za-popup--center "
      style="width: 70%;"
    >
      <div
        class="za-modal__dialog"
      >
        <div
          class="za-modal__body"
        >
          <div
            class="za-modal__title"
          >
            标题
          </div>
          <i
            class="za-icon za-icon--sm za-modal__close"
          >
            <svg
              aria-hidden="true"
              fill="currentColor"
              focusable="false"
              height="1em"
              viewBox="0 0 1000 1000"
              width="1em"
            >
              <path
                d="M560.149 501.223l255.344 255.344c16.272 16.272 16.272 42.654 0 58.926s-42.654 16.272-58.926 0L501.223 560.149 245.88 815.493c-16.272 16.272-42.654 16.272-58.925 0-16.272-16.272-16.272-42.654 0-58.926l255.344-255.344L186.954 245.88c-16.272-16.272-16.272-42.654 0-58.925 16.271-16.272 42.653-16.272 58.925 0l255.344 255.344 255.344-255.344c16.272-16.272 42.654-16.272 58.926 0 16.272 16.271 16.272 42.653 0 58.925L560.149 501.223z"
                fill-rule="nonzero"
              />
            </svg>
          </i>
          foo
        </div>
      </div>
    </div>
  </div>
</div>
`;
