// Jest Snapshot v1, https://goo.gl/fbAQLP

exports[`Picker Picker render visible 1`] = `
<div>
  <div
    class="za-mask "
    style="background-color: rgba(0, 0, 0, 0.55);"
  />
  <div
    class="za-popup__wrapper"
  >
    <div
      class="za-popup za-popup--bottom "
    >
      <div
        class="za-picker"
      >
        <div
          class="za-picker__header"
        >
          <div
            class="za-picker__cancel"
          >
            取消
          </div>
          <div
            class="za-picker__title"
          >
            请选择
          </div>
          <div
            class="za-picker__confirm"
          >
            确定
          </div>
        </div>
        <div
          class="za-picker-view"
        >
          <div
            class="za-picker-view__content"
          >
            <div
              class="za-wheel"
            >
              <div
                class="za-wheel__content"
                style="transition-timing-function: cubic-bezier(0.165, 0.84, 0.44, 1); transition-property: transform; transition-duration: 800ms; transform: translateX(0px) translateY(NaNpx);"
              >
                <div
                  class="za-wheel__item za-wheel__item--selected"
                  style="transform: rotateX(NaNdeg); transition-timing-function: cubic-bezier(0.165, 0.84, 0.44, 1); transition-duration: 800ms; pointer-events: none;"
                >
                  选项一
                </div>
                <div
                  class="za-wheel__item"
                  style="transform: rotateX(NaNdeg); transition-timing-function: cubic-bezier(0.165, 0.84, 0.44, 1); transition-duration: 800ms; pointer-events: none;"
                >
                  选项二
                </div>
              </div>
            </div>
          </div>
          <div
            class="za-picker-view__mask za-picker-view__mask--top"
          />
          <div
            class="za-picker-view__mask za-picker-view__mask--bottom"
          />
        </div>
      </div>
    </div>
  </div>
</div>
`;

exports[`Picker render custom label 1`] = `<div />`;
