// Jest Snapshot v1, https://goo.gl/fbAQLP

exports[`Image alt 1`] = `undefined`;

exports[`Image fallback 1`] = `undefined`;

exports[`Image height 1`] = `undefined`;

exports[`Image placeholder 1`] = `undefined`;

exports[`Image render correctly 1`] = `undefined`;

exports[`Image width 1`] = `undefined`;
